bash: line 1: 0: command not found
bash: line 1: 0: command not found
1_6_3_0_1_0_old_c1000000_e5 DEFERRED nodes 1000001 tokens 1000000 old_p 57216 r1_only 0 25.3s
1_6_3_0_1_0_r1_c1000000_e5 DEFERRED nodes 1000001 tokens 1000000 old_p 107463 r1_only 95459 25.5s
bash: line 1: 0: command not found
bash: line 1: 0: command not found
1_6_3_1_0_0_r1_c10000000_e0 COMPLETED nodes 5242972 tokens 5242972 old_p 2535362 r1_only 32958 126.7s
1_6_3_1_0_0_old_c10000000_e0 COMPLETED nodes 7037801 tokens 7037801 old_p 4002991 r1_only 0 170.3s
bash: line 1: 0: command not found
bash: line 1: 0: command not found
1_6_3_0_1_0_old_c10000000_e5 DEFERRED nodes 10000001 tokens 10000000 old_p 571392 r1_only 0 245.1s
1_6_3_0_1_0_r1_c10000000_e5 DEFERRED nodes 10000001 tokens 10000000 old_p 456916 r1_only 626284 243.9s
2_6_4_0_0_0_old_c1000000_e5 DEFERRED nodes 1000001 tokens 1000000 old_p 31228 r1_only 0 27.0s
2_6_4_0_0_0_r1_c1000000_e5 DEFERRED nodes 1000001 tokens 1000000 old_p 48175 r1_only 237092 40.6s
1_8_1_1_0_0_r1_c10000000_e5 DEFERRED nodes 10000001 tokens 10000000 old_p 4614500 r1_only 44043 383.0s
1_8_1_1_0_0_old_c10000000_e5 DEFERRED nodes 10000001 tokens 10000000 old_p 4499755 r1_only 0 386.6s
2_6_4_0_0_0_old_c10000000_e5 DEFERRED nodes 10000001 tokens 10000000 old_p 221849 r1_only 0 352.3s
2_6_4_0_0_0_r1_c10000000_e5 DEFERRED nodes 10000001 tokens 10000000 old_p 466281 r1_only 1726576 270.7s
1_6_3_0_1_0_old_c50000000_e5 DEFERRED nodes 50000001 tokens 50000000 old_p 1593318 r1_only 0 1528.0s
1_6_3_0_1_0_r1_c50000000_e5 DEFERRED nodes 50000001 tokens 50000000 old_p 2224833 r1_only 2170211 1547.3s
2_6_4_0_0_0_old_c50000000_e5 DEFERRED nodes 50000001 tokens 50000000 old_p 946878 r1_only 0 1609.4s
2_6_4_0_0_0_r1_c50000000_e5 DEFERRED nodes 50000001 tokens 50000000 old_p 1788116 r1_only 6103590 1679.2s
2_6_4_0_0_0_r1_c200000000_e5 DEFERRED nodes 200000001 tokens 200000000 old_p 9442743 r1_only 27938876 4300.2s
