       1|6|3|0|1|0 cap=76   UPPER_CERTIFIED nodes=173,815,277  2850.1s
{
 "driver": "r168/src/verifyA168.py (streaming, format 3); validation logic is r152/src/extree152.py, unmodified",
 "extree152_sha256": "390a7d2105fe990bca071d6ac0cd0821df43849f34cb3246bf24e9881cc33124",
 "batches": {
  "r172/certs/exp/trees/1_6_3_0_1_0_old_c200000000_e5.extree3.txt.gz": {
   "ok": true,
   "path": "r172/certs/exp/trees/1_6_3_0_1_0_old_c200000000_e5.extree3.txt.gz",
   "sha256": "f1dfa93051f8dd5dad27f67638e4df14f5fc8b8260cfa4d3a60087b7a88cf08c",
   "plain_sha256": "7da9f8805d3efb81394d39747d947e2bc360dd0627e550a558f9c2e3d8c6aa20",
   "declared_dependencies": 136,
   "tokens": 173815285,
   "cells": 1,
   "nodes": 173815277
  }
 },
 "all_ok": true,
 "total_cells": 1,
 "total_nodes": 173815277
}
seconds: 2868.1
