START 2|10|0|0|0|0 20000000 predecessor additions 2
START 2|5|0|0|0|1 20000000 predecessor additions 2
START 2|8|2|0|0|0 20000000 predecessor additions 2
HEARTBEAT active 3 waiting 14 certified 8
HEARTBEAT active 3 waiting 14 certified 8
HEARTBEAT active 3 waiting 14 certified 8
HEARTBEAT active 3 waiting 14 certified 8
HEARTBEAT active 3 waiting 14 certified 8
HEARTBEAT active 3 waiting 14 certified 8
HEARTBEAT active 3 waiting 14 certified 8
HEARTBEAT active 3 waiting 14 certified 8
HEARTBEAT active 3 waiting 14 certified 8
HEARTBEAT active 3 waiting 14 certified 8
HEARTBEAT active 3 waiting 14 certified 8
HEARTBEAT active 3 waiting 14 certified 8
HEARTBEAT active 3 waiting 14 certified 8
HEARTBEAT active 3 waiting 14 certified 8
HEARTBEAT active 3 waiting 14 certified 8
HEARTBEAT active 3 waiting 14 certified 8
HEARTBEAT active 3 waiting 14 certified 8
HEARTBEAT active 3 waiting 14 certified 8
HEARTBEAT active 3 waiting 14 certified 8
HEARTBEAT active 3 waiting 14 certified 8
HEARTBEAT active 3 waiting 14 certified 8
HEARTBEAT active 3 waiting 14 certified 8
HEARTBEAT active 3 waiting 14 certified 8
HEARTBEAT active 3 waiting 14 certified 8
HEARTBEAT active 3 waiting 14 certified 8
HEARTBEAT active 3 waiting 14 certified 8
HEARTBEAT active 3 waiting 14 certified 8
RESULT 2|8|2|0|0|0 DEFERRED 20000001 total 8
START 2|6|4|0|0|0 20000000 predecessor additions 2
HEARTBEAT active 3 waiting 13 certified 8
HEARTBEAT active 3 waiting 13 certified 8
RESULT 2|5|0|0|0|1 DEFERRED 20000001 total 8
START 2|3|1|1|0|0 20000000 predecessor additions 2
RESULT 2|10|0|0|0|0 DEFERRED 20000001 total 8
START 2|3|1|0|1|0 20000000 predecessor additions 2
HEARTBEAT active 3 waiting 11 certified 8
HEARTBEAT active 3 waiting 11 certified 8
HEARTBEAT active 3 waiting 11 certified 8
HEARTBEAT active 3 waiting 11 certified 8
HEARTBEAT active 3 waiting 11 certified 8
HEARTBEAT active 3 waiting 11 certified 8
HEARTBEAT active 3 waiting 11 certified 8
HEARTBEAT active 3 waiting 11 certified 8
HEARTBEAT active 3 waiting 11 certified 8
HEARTBEAT active 3 waiting 11 certified 8
HEARTBEAT active 3 waiting 11 certified 8
HEARTBEAT active 3 waiting 11 certified 8
HEARTBEAT active 3 waiting 11 certified 8
HEARTBEAT active 3 waiting 11 certified 8
HEARTBEAT active 3 waiting 11 certified 8
HEARTBEAT active 3 waiting 11 certified 8
HEARTBEAT active 3 waiting 11 certified 8
HEARTBEAT active 3 waiting 11 certified 8
HEARTBEAT active 3 waiting 11 certified 8
RESULT 2|6|4|0|0|0 DEFERRED 20000001 total 8
START 2|0|0|0|0|2 20000000 predecessor additions 2
HEARTBEAT active 3 waiting 10 certified 8
HEARTBEAT active 3 waiting 10 certified 8
RESULT 2|3|1|1|0|0 DEFERRED 20000001 total 8
START 2|3|2|0|0|1 20000000 predecessor additions 2
HEARTBEAT active 3 waiting 9 certified 8
HEARTBEAT active 3 waiting 9 certified 8
RESULT 2|3|1|0|1|0 DEFERRED 20000001 total 8
START 2|1|3|0|1|0 20000000 predecessor additions 2
HEARTBEAT active 3 waiting 8 certified 8
HEARTBEAT active 3 waiting 8 certified 8
HEARTBEAT active 3 waiting 8 certified 8
HEARTBEAT active 3 waiting 8 certified 8
HEARTBEAT active 3 waiting 8 certified 8
HEARTBEAT active 3 waiting 8 certified 8
HEARTBEAT active 3 waiting 8 certified 8
HEARTBEAT active 3 waiting 8 certified 8
HEARTBEAT active 3 waiting 8 certified 8
HEARTBEAT active 3 waiting 8 certified 8
HEARTBEAT active 3 waiting 8 certified 8
HEARTBEAT active 3 waiting 8 certified 8
HEARTBEAT active 3 waiting 8 certified 8
HEARTBEAT active 3 waiting 8 certified 8
HEARTBEAT active 3 waiting 8 certified 8
RESULT 2|0|0|0|0|2 DEFERRED 20000001 total 8
START 2|4|6|0|0|0 20000000 predecessor additions 2
HEARTBEAT active 3 waiting 7 certified 8
HEARTBEAT active 3 waiting 7 certified 8
HEARTBEAT active 3 waiting 7 certified 8
HEARTBEAT active 3 waiting 7 certified 8
HEARTBEAT active 3 waiting 7 certified 8
RESULT 2|3|2|0|0|1 DEFERRED 20000001 total 8
START 2|1|3|1|0|0 20000000 predecessor additions 2
HEARTBEAT active 3 waiting 6 certified 8
HEARTBEAT active 3 waiting 6 certified 8
HEARTBEAT active 3 waiting 6 certified 8
HEARTBEAT active 3 waiting 6 certified 8
HEARTBEAT active 3 waiting 6 certified 8
HEARTBEAT active 3 waiting 6 certified 8
HEARTBEAT active 3 waiting 6 certified 8
HEARTBEAT active 3 waiting 6 certified 8
HEARTBEAT active 3 waiting 6 certified 8
HEARTBEAT active 3 waiting 6 certified 8
HEARTBEAT active 3 waiting 6 certified 8
HEARTBEAT active 3 waiting 6 certified 8
HEARTBEAT active 3 waiting 6 certified 8
HEARTBEAT active 3 waiting 6 certified 8
HEARTBEAT active 3 waiting 6 certified 8
HEARTBEAT active 3 waiting 6 certified 8
RESULT 2|4|6|0|0|0 DEFERRED 20000001 total 8
START 3|5|0|0|0|0 20000000 predecessor additions 2
HEARTBEAT active 3 waiting 5 certified 8
HEARTBEAT active 3 waiting 5 certified 8
HEARTBEAT active 3 waiting 5 certified 8
HEARTBEAT active 3 waiting 5 certified 8
HEARTBEAT active 3 waiting 5 certified 8
HEARTBEAT active 3 waiting 5 certified 8
HEARTBEAT active 3 waiting 5 certified 8
HEARTBEAT active 3 waiting 5 certified 8
RESULT 2|1|3|0|1|0 CERTIFIED 14731120 total 9
START 2|2|8|0|0|0 20000000 predecessor additions 3
HEARTBEAT active 3 waiting 4 certified 9
HEARTBEAT active 3 waiting 4 certified 9
HEARTBEAT active 3 waiting 4 certified 9
HEARTBEAT active 3 waiting 4 certified 9
HEARTBEAT active 3 waiting 4 certified 9
HEARTBEAT active 3 waiting 4 certified 9
HEARTBEAT active 3 waiting 4 certified 9
HEARTBEAT active 3 waiting 4 certified 9
HEARTBEAT active 3 waiting 4 certified 9
HEARTBEAT active 3 waiting 4 certified 9
HEARTBEAT active 3 waiting 4 certified 9
HEARTBEAT active 3 waiting 4 certified 9
HEARTBEAT active 3 waiting 4 certified 9
HEARTBEAT active 3 waiting 4 certified 9
HEARTBEAT active 3 waiting 4 certified 9
HEARTBEAT active 3 waiting 4 certified 9
HEARTBEAT active 3 waiting 4 certified 9
RESULT 2|1|3|1|0|0 CERTIFIED 13741690 total 10
START 3|0|0|0|0|1 20000000 predecessor additions 4
HEARTBEAT active 3 waiting 3 certified 10
HEARTBEAT active 3 waiting 3 certified 10
RESULT 3|5|0|0|0|0 DEFERRED 20000001 total 10
START 3|3|2|0|0|0 20000000 predecessor additions 4
HEARTBEAT active 3 waiting 2 certified 10
HEARTBEAT active 3 waiting 2 certified 10
HEARTBEAT active 3 waiting 2 certified 10
HEARTBEAT active 3 waiting 2 certified 10
HEARTBEAT active 3 waiting 2 certified 10
HEARTBEAT active 3 waiting 2 certified 10
HEARTBEAT active 3 waiting 2 certified 10
HEARTBEAT active 3 waiting 2 certified 10
HEARTBEAT active 3 waiting 2 certified 10
HEARTBEAT active 3 waiting 2 certified 10
HEARTBEAT active 3 waiting 2 certified 10
HEARTBEAT active 3 waiting 2 certified 10
HEARTBEAT active 3 waiting 2 certified 10
HEARTBEAT active 3 waiting 2 certified 10
HEARTBEAT active 3 waiting 2 certified 10
HEARTBEAT active 3 waiting 2 certified 10
HEARTBEAT active 3 waiting 2 certified 10
HEARTBEAT active 3 waiting 2 certified 10
HEARTBEAT active 3 waiting 2 certified 10
HEARTBEAT active 3 waiting 2 certified 10
HEARTBEAT active 3 waiting 2 certified 10
HEARTBEAT active 3 waiting 2 certified 10
HEARTBEAT active 3 waiting 2 certified 10
HEARTBEAT active 3 waiting 2 certified 10
RESULT 3|0|0|0|0|1 DEFERRED 20000001 total 10
START 3|1|4|0|0|0 20000000 predecessor additions 4
HEARTBEAT active 3 waiting 1 certified 10
RESULT 3|3|2|0|0|0 DEFERRED 20000001 total 10
START 4|0|0|0|0|0 20000000 predecessor additions 4
HEARTBEAT active 3 waiting 0 certified 10
HEARTBEAT active 3 waiting 0 certified 10
HEARTBEAT active 3 waiting 0 certified 10
HEARTBEAT active 3 waiting 0 certified 10
HEARTBEAT active 3 waiting 0 certified 10
HEARTBEAT active 3 waiting 0 certified 10
HEARTBEAT active 3 waiting 0 certified 10
RESULT 2|2|8|0|0|0 CERTIFIED 16717435 total 11
HEARTBEAT active 2 waiting 0 certified 11
HEARTBEAT active 2 waiting 0 certified 11
HEARTBEAT active 2 waiting 0 certified 11
HEARTBEAT active 2 waiting 0 certified 11
HEARTBEAT active 2 waiting 0 certified 11
HEARTBEAT active 2 waiting 0 certified 11
HEARTBEAT active 2 waiting 0 certified 11
HEARTBEAT active 2 waiting 0 certified 11
HEARTBEAT active 2 waiting 0 certified 11
HEARTBEAT active 2 waiting 0 certified 11
HEARTBEAT active 2 waiting 0 certified 11
HEARTBEAT active 2 waiting 0 certified 11
HEARTBEAT active 2 waiting 0 certified 11
RESULT 3|1|4|0|0|0 DEFERRED 20000001 total 11
HEARTBEAT active 1 waiting 0 certified 11
HEARTBEAT active 1 waiting 0 certified 11
HEARTBEAT active 1 waiting 0 certified 11
HEARTBEAT active 1 waiting 0 certified 11
HEARTBEAT active 1 waiting 0 certified 11
HEARTBEAT active 1 waiting 0 certified 11
HEARTBEAT active 1 waiting 0 certified 11
HEARTBEAT active 1 waiting 0 certified 11
RESULT 4|0|0|0|0|0 DEFERRED 20000001 total 11
       2|1|3|1|0|0 cap=119  UPPER_CERTIFIED nodes=13,741,690   418.7s
       2|1|3|0|1|0 cap=104  UPPER_CERTIFIED nodes=14,731,120   441.5s
       2|2|8|0|0|0 cap=123  UPPER_CERTIFIED nodes=16,717,435   513.4s
PASS FINISHED 11 /35
