deleted 2006 inherited scratch tables
representative set: 772 cells
[1/772] 0|0|0|0|0|0 IDENTICAL cc=20 ledger=20 nodes=128/128
[11/772] 0|0|0|1|1|1 CAPACITY_ONLY cc=45 ledger=45 nodes=4154/4256
[14/772] 0|0|0|2|0|1 CAPACITY_ONLY cc=50 ledger=50 nodes=1461/2552
[21/772] 0|0|1|1|1|0 IDENTICAL cc=25 ledger=25 nodes=1028/1028
[33/772] 0|0|2|1|1|1 CAPACITY_ONLY cc=45 ledger=45 nodes=5929/6035
[36/772] 0|0|2|2|0|1 CAPACITY_ONLY cc=50 ledger=50 nodes=1973/3364
[41/772] 0|0|3|1|0|0 IDENTICAL cc=20 ledger=20 nodes=611/611
[61/772] 0|0|6|0|0|0 IDENTICAL cc=20 ledger=20 nodes=211/211
[81/772] 0|0|10|0|0|0 IDENTICAL cc=20 ledger=20 nodes=211/211
[98/772] 0|1|0|1|1|1 CAPACITY_ONLY cc=45 ledger=45 nodes=14024/17454
[100/772] 0|1|0|2|0|1 CAPACITY_ONLY cc=50 ledger=50 nodes=3209/4793
[101/772] 0|1|1|0|0|0 IDENTICAL cc=20 ledger=20 nodes=489/489
[120/772] 0|1|2|1|1|1 CAPACITY_ONLY cc=45 ledger=45 nodes=27167/32309
[121/772] 0|1|2|2|0|0 IDENTICAL cc=30 ledger=30 nodes=1460/1460
[122/772] 0|1|2|2|0|1 CAPACITY_ONLY cc=50 ledger=50 nodes=4952/7209
[141/772] 0|1|4|2|0|0 IDENTICAL cc=30 ledger=30 nodes=1464/1464
[161/772] 0|1|8|0|0|2 IDENTICAL cc=60 ledger=60 nodes=16693/16693
[177/772] 0|2|0|0|2|1 CAPACITY_ONLY cc=58 ledger=58 nodes=7554/7827
[179/772] 0|2|0|1|1|1 CAPACITY_ONLY cc=58 ledger=58 nodes=16947/18652
[181/772] 0|2|0|2|0|1 IDENTICAL cc=58 ledger=58 nodes=21957/21957
[201/772] 0|2|3|0|2|0 IDENTICAL cc=38 ledger=38 nodes=2340/2340
[221/772] 0|2|6|1|0|0 IDENTICAL cc=38 ledger=38 nodes=1610/1610
[239/772] 0|3|0|0|2|1 CAPACITY_ONLY cc=62 ledger=62 nodes=15450/15723
[241/772] 0|3|0|1|1|1 CAPACITY_ONLY cc=62 ledger=62 nodes=36076/38262
[249/772] 0|3|1|1|0|1 CAPACITY_ONLY cc=58 ledger=58 nodes=21602/23387
[250/772] 0|3|1|1|0|2 CAPACITY_ONLY cc=78 ledger=78 nodes=131367/141329
[261/772] 0|3|3|0|1|0 IDENTICAL cc=37 ledger=37 nodes=5270/5270
[265/772] 0|3|3|1|0|1 CAPACITY_ONLY cc=58 ledger=58 nodes=26552/28592
[278/772] 0|3|5|1|0|1 CAPACITY_ONLY cc=58 ledger=58 nodes=26571/28611
[281/772] 0|3|6|0|1|0 IDENTICAL cc=37 ledger=37 nodes=5294/5294
[301/772] 0|4|1|1|0|0 IDENTICAL cc=51 ledger=51 nodes=4047/4047
[321/772] 0|4|4|0|1|0 IDENTICAL cc=46 ledger=46 nodes=9427/9427
[341/772] 0|5|0|0|0|1 IDENTICAL cc=66 ledger=66 nodes=10640/10640
[352/772] 0|5|1|1|0|1 CAPACITY_ONLY cc=71 ledger=71 nodes=88502/91026
[361/772] 0|5|2|2|0|0 IDENTICAL cc=66 ledger=66 nodes=10689/10689
[366/772] 0|5|3|1|0|1 CAPACITY_ONLY cc=71 ledger=71 nodes=123789/127258
[381/772] 0|5|9|1|0|0 IDENTICAL cc=51 ledger=51 nodes=22945/22945
[401/772] 0|6|2|2|0|0 IDENTICAL cc=74 ledger=74 nodes=15667/15667
[421/772] 0|7|1|1|0|0 IDENTICAL cc=63 ledger=63 nodes=40086/40086
[441/772] 0|8|0|0|0|1 IDENTICAL cc=92 ledger=92 nodes=6117/6117
[461/772] 0|9|1|0|1|0 IDENTICAL cc=71 ledger=71 nodes=104963/104963
[481/772] 0|10|3|0|1|0 IDENTICAL cc=76 ledger=76 nodes=486571/486571
[501/772] 0|14|0|0|0|1 IDENTICAL cc=106 ledger=106 nodes=4103923/4103923
[505/772] 1|0|0|0|0|2 CAPACITY_ONLY cc=75 ledger=75 nodes=2156178/2682107
[510/772] 1|0|0|1|1|0 CAPACITY_ONLY cc=40 ledger=40 nodes=88122/88423
[511/772] 1|0|0|2|0|0 CAPACITY_ONLY cc=45 ledger=45 nodes=59793/63623
[518/772] 1|0|1|1|1|0 CAPACITY_ONLY cc=40 ledger=40 nodes=182795/183272
[519/772] 1|0|1|2|0|0 CAPACITY_ONLY cc=45 ledger=45 nodes=118650/125431
[521/772] 1|0|2|0|0|1 IDENTICAL cc=55 ledger=55 nodes=423464/423464
[522/772] 1|0|2|0|0|2 CAPACITY_ONLY cc=75 ledger=75 nodes=4849317/5946085
[525/772] 1|0|0|0|0|3 CAPACITY_ONLY cc=85 ledger=85 nodes=45562116/73197596
[527/772] 1|0|2|1|1|0 CAPACITY_ONLY cc=40 ledger=40 nodes=218950/219450
[528/772] 1|0|2|2|0|0 CAPACITY_ONLY cc=45 ledger=45 nodes=139442/146931
[539/772] 1|0|4|0|0|2 CAPACITY_ONLY cc=75 ledger=75 nodes=4921818/6031064
[541/772] 1|0|5|1|0|0 IDENTICAL cc=35 ledger=35 nodes=61015/61015
[561/772] 1|1|0|0|0|1 IDENTICAL cc=55 ledger=55 nodes=699125/699125
[568/772] 1|1|0|0|0|2 CAPACITY_ONLY cc=75 ledger=75 nodes=9890613/10335039
[581/772] 1|1|2|1|1|0 IDENTICAL cc=40 ledger=40 nodes=1103426/1103426
[585/772] 1|1|2|0|0|2 CAPACITY_ONLY cc=75 ledger=75 nodes=26949158/27772844
[601/772] 1|1|7|0|1|0 IDENTICAL cc=39 ledger=39 nodes=228183/228183
[602/772] 1|1|4|0|0|2 CAPACITY_ONLY cc=75 ledger=75 nodes=28050599/28878641
[612/772] 1|2|0|0|0|2 CAPACITY_ONLY cc=88 ledger=88 nodes=14424995/17098093
[613/772] 1|2|1|1|0|0 CAPACITY_ONLY cc=53 ledger=53 nodes=807181/807805
[615/772] 1|2|1|1|0|1 CAPACITY_ONLY cc=73 ledger=73 nodes=22535056/22537959
[618/772] 1|2|2|1|0|0 CAPACITY_ONLY cc=53 ledger=53 nodes=1116419/1117103
[620/772] 1|2|3|1|0|0 CAPACITY_ONLY cc=53 ledger=53 nodes=1210272/1210959
[621/772] 1|2|4|0|0|1 IDENTICAL cc=68 ledger=68 nodes=6591344/6591344
[623/772] 1|2|4|1|0|0 CAPACITY_ONLY cc=53 ledger=53 nodes=1224387/1225074
[625/772] 1|2|5|1|0|0 CAPACITY_ONLY cc=53 ledger=53 nodes=1225258/1225945
[628/772] 1|2|2|0|0|2 CAPACITY_ONLY cc=88 ledger=88 nodes=49905486/57116968
[629/772] 1|2|6|1|0|0 CAPACITY_ONLY cc=53 ledger=53 nodes=1225265/1225952
[631/772] 1|2|7|1|0|0 CAPACITY_ONLY cc=53 ledger=53 nodes=1225265/1225952
[635/772] 1|3|0|0|0|2 CAPACITY_ONLY cc=88 ledger=88 nodes=61383776/62154111
[639/772] 1|3|1|1|0|1 CAPACITY_ONLY cc=73 ledger=73 nodes=101391152/101432541
[641/772] 1|3|2|1|0|0 IDENTICAL cc=53 ledger=53 nodes=4600567/4600567
[651/772] 1|4|0|0|0|2 CAPACITY_ONLY cc=101 ledger=101 nodes=46409293/49344553
[653/772] 1|3|2|0|0|2 CAPACITY_ONLY cc=88 ledger=88 nodes=239248895/240911246
[654/772] 1|4|1|1|0|0 CAPACITY_ONLY cc=66 ledger=66 nodes=7237642/7238832
[657/772] 1|4|2|1|0|0 CAPACITY_ONLY cc=66 ledger=66 nodes=11742349/11743807
[658/772] 1|4|3|1|0|0 CAPACITY_ONLY cc=66 ledger=66 nodes=13985213/13986756
[661/772] 1|4|4|0|0|1 IDENTICAL cc=81 ledger=81 nodes=42776380/42776380
[662/772] 1|4|4|1|0|0 CAPACITY_ONLY cc=66 ledger=66 nodes=14640631/14642184
[663/772] 1|4|5|1|0|0 CAPACITY_ONLY cc=66 ledger=66 nodes=14753514/14755067
[669/772] 1|5|0|0|0|2 CAPACITY_ONLY cc=101 ledger=101 nodes=187594657/188602258
[678/772] 1|6|1|1|0|0 CAPACITY_ONLY cc=74 ledger=74 nodes=61256973/61265602
[681/772] 1|6|2|1|0|0 CAPACITY_ONLY cc=79 ledger=79 nodes=60327018/60393688
[683/772] 1|6|3|1|0|0 CAPACITY_ONLY cc=79 ledger=79 nodes=79358418/79360787
[686/772] 1|7|1|0|1|0 CAPACITY_ONLY cc=78 ledger=78 nodes=118774265/118800589
[691/772] 1|8|1|1|0|0 CAPACITY_ONLY cc=87 ledger=87 nodes=175465471/175505909
[698/772] 1|12|2|0|0|0 CAPACITY_ONLY cc=99 ledger=99 nodes=684928296/685484667
[701/772] 2|0|0|0|0|1 IDENTICAL cc=70 ledger=70 nodes=11051264/11051264
[702/772] 2|0|0|0|0|2 CAPACITY_ONLY cc=90 ledger=90 nodes=302029059/303012037
[721/772] 2|0|9|0|0|0 IDENTICAL cc=50 ledger=50 nodes=798341/798341
[731/772] 1|13|2|0|0|0 TIMEOUT cc=None ledger=None nodes=None/None
[741/772] 2|1|7|0|0|0 IDENTICAL cc=50 ledger=50 nodes=3457944/3457944
[751/772] 2|3|2|0|0|1 TIMEOUT cc=None ledger=None nodes=None/None
[755/772] 2|5|0|0|0|1 TIMEOUT cc=None ledger=None nodes=None/None
[761/772] 3|0|1|0|0|0 IDENTICAL cc=65 ledger=65 nodes=14822978/14822978
{"deleted_scratch_tables": 2006, "cells": 772, "ledger_cells": 1101, "status_counts": {"IDENTICAL": 711, "CAPACITY_ONLY": 58, "TIMEOUT": 3}, "all_validators_ok": true, "ok": true}
