cells affordable with no table at all: 804 (node ceiling 60000000)
[1/804] 0|0|1|0|0|0 IDENTICAL {"cc": 20, "nodes": 201} {"cc": 20, "nodes": 201}
[51/804] 0|0|5|1|0|0 IDENTICAL {"cc": 20, "nodes": 611} {"cc": 20, "nodes": 611}
[101/804] 0|4|0|1|0|0 IDENTICAL {"cc": 51, "nodes": 68381} {"cc": 51, "nodes": 68381}
[151/804] 0|1|4|0|2|0 IDENTICAL {"cc": 24, "nodes": 5100} {"cc": 24, "nodes": 5100}
[201/804] 0|2|2|1|1|0 IDENTICAL {"cc": 38, "nodes": 45851} {"cc": 38, "nodes": 45851}
[251/804] 1|0|1|0|0|0 IDENTICAL {"cc": 35, "nodes": 11747} {"cc": 35, "nodes": 11747}
[301/804] 0|6|1|1|0|0 IDENTICAL {"cc": 59, "nodes": 2535030} {"cc": 59, "nodes": 2535030}
[320/804] 0|14|0|0|0|0 TIMEOUT null null
[321/804] 0|8|2|0|0|1 TIMEOUT null null
[322/804] 0|8|4|0|0|1 TIMEOUT null null
[351/804] 0|8|0|0|1|0 IDENTICAL {"cc": 62, "nodes": 9297831} {"cc": 62, "nodes": 9297831}
[367/804] 0|8|6|0|0|1 TIMEOUT null null
[401/804] 1|1|9|0|0|0 IDENTICAL {"cc": 35, "nodes": 55207} {"cc": 35, "nodes": 55207}
[434/804] 0|14|1|0|0|0 TIMEOUT null null
[451/804] 0|8|5|1|0|0 IDENTICAL {"cc": 72, "nodes": 72735840} {"cc": 72, "nodes": 72735840}
[452/804] 0|15|0|0|0|0 TIMEOUT null null
[464/804] 0|8|0|0|0|2 TIMEOUT null null
[473/804] 0|7|1|0|1|1 TIMEOUT null null
[475/804] 0|11|1|1|0|0 TIMEOUT null null
[479/804] 0|9|2|0|0|1 TIMEOUT null null
[480/804] 0|8|1|0|1|1 TIMEOUT null null
[483/804] 0|11|3|0|1|0 TIMEOUT null null
[485/804] 0|12|0|0|1|0 TIMEOUT null null
[486/804] 0|12|0|1|0|0 TIMEOUT null null
[488/804] 0|11|2|1|0|0 TIMEOUT null null
[489/804] 0|10|2|0|0|1 TIMEOUT null null
[495/804] 0|9|4|0|0|1 TIMEOUT null null
[496/804] 0|9|6|0|0|1 TIMEOUT null null
[499/804] 0|12|5|0|0|0 TIMEOUT null null
[500/804] 0|12|6|0|0|0 TIMEOUT null null
[501/804] 0|9|3|1|0|0 IDENTICAL {"cc": 76, "nodes": 249280102} {"cc": 76, "nodes": 249280102}
[502/804] 0|12|7|0|0|0 TIMEOUT null null
[503/804] 0|12|8|0|0|0 TIMEOUT null null
[504/804] 0|5|4|0|0|2 TIMEOUT null null
[506/804] 0|11|2|0|1|0 TIMEOUT null null
[508/804] 0|13|0|0|1|0 TIMEOUT null null
[512/804] 0|12|1|0|1|0 TIMEOUT null null
[520/804] 0|17|0|0|0|0 TIMEOUT null null
[521/804] 0|12|2|0|0|0 TIMEOUT null null
[528/804] 0|11|3|1|0|0 TIMEOUT null null
[530/804] 0|14|2|0|0|0 TIMEOUT null null
[531/804] 0|10|4|0|0|1 TIMEOUT null null
[534/804] 0|11|0|0|0|1 TIMEOUT null null
[544/804] 0|13|0|1|0|0 TIMEOUT null null
[545/804] 0|7|1|1|0|1 TIMEOUT null null
[546/804] 0|6|2|0|0|2 TIMEOUT null null
[547/804] 0|15|1|0|0|0 TIMEOUT null null
[548/804] 0|12|1|1|0|0 TIMEOUT null null
[551/804] 0|6|4|0|0|2 TIMEOUT null null
[553/804] 0|10|2|0|1|0 TIMEOUT null null
[554/804] 0|12|3|0|0|0 TIMEOUT null null
[555/804] 0|11|1|0|1|0 TIMEOUT null null
[557/804] 0|13|4|0|0|0 TIMEOUT null null
[559/804] 0|13|5|0|0|0 TIMEOUT null null
[560/804] 0|10|3|1|0|0 TIMEOUT null null
[561/804] 0|13|6|0|0|0 TIMEOUT null null
